[2026-07-18 11:15:36,902][semicat.utils.utils][INFO] - [rank: 0] Enforcing tags! <cfg.extras.enforce_tags=True>
[2026-07-18 11:15:36,909][semicat.utils.utils][INFO] - [rank: 0] Printing config tree with Rich! <cfg.extras.print_config=True>
[2026-07-18 11:15:36,910][semicat.utils.rich_utils][WARNING] - [rank: 0] Field 'logger' not found in config. Skipping 'logger' config printing...
[2026-07-18 11:15:36,965][__main__][INFO] - [rank: 0] Instantiating datamodule <semicat.data.tinystories.TinyStoriesDataModule>
[2026-07-18 11:15:37,205][datasets][INFO] - PyTorch version 2.7.1 available.
[2026-07-18 11:15:37,472][__main__][INFO] - [rank: 0] Instantiating model <semicat.models.textsemicat.TextSemicatModule>
[2026-07-18 11:15:37,942][__main__][INFO] - [rank: 0] Instantiating callbacks...
[2026-07-18 11:15:37,943][semicat.utils.instantiators][INFO] - [rank: 0] Instantiating callback <lightning.pytorch.callbacks.ModelCheckpoint>
[2026-07-18 11:15:37,946][semicat.utils.instantiators][INFO] - [rank: 0] Instantiating callback <lightning.pytorch.callbacks.RichModelSummary>
[2026-07-18 11:15:37,947][semicat.utils.instantiators][INFO] - [rank: 0] Instantiating callback <lightning.pytorch.callbacks.RichProgressBar>
[2026-07-18 11:15:37,947][__main__][INFO] - [rank: 0] Instantiating loggers...
[2026-07-18 11:15:37,947][semicat.utils.instantiators][WARNING] - [rank: 0] No logger configs found! Skipping...
[2026-07-18 11:15:37,948][__main__][INFO] - [rank: 0] Instantiating trainer <lightning.pytorch.trainer.Trainer>
[2026-07-18 11:15:37,986][__main__][INFO] - [rank: 0] Starting training!
[2026-07-18 11:36:24,878][semicat.utils.utils][ERROR] - [rank: 0] 
Traceback (most recent call last):
  File "/home/andreyfort/semicat/semicat/utils/utils.py", line 68, in wrap
    metric_dict, object_dict = task_func(cfg=cfg)
  File "/home/andreyfort/semicat/semicat/train.py", line 96, in train
    trainer.fit(model=model, datamodule=datamodule, ckpt_path=cfg.get("ckpt_path"), weights_only=False)
  File "/home/andreyfort/semicat/.venv/lib64/python3.9/site-packages/lightning/pytorch/trainer/trainer.py", line 584, in fit
    call._call_and_handle_interrupt(
  File "/home/andreyfort/semicat/.venv/lib64/python3.9/site-packages/lightning/pytorch/trainer/call.py", line 49, in _call_and_handle_interrupt
    return trainer_fn(*args, **kwargs)
  File "/home/andreyfort/semicat/.venv/lib64/python3.9/site-packages/lightning/pytorch/trainer/trainer.py", line 630, in _fit_impl
    self._run(model, ckpt_path=ckpt_path, weights_only=weights_only)
  File "/home/andreyfort/semicat/.venv/lib64/python3.9/site-packages/lightning/pytorch/trainer/trainer.py", line 1079, in _run
    results = self._run_stage()
  File "/home/andreyfort/semicat/.venv/lib64/python3.9/site-packages/lightning/pytorch/trainer/trainer.py", line 1123, in _run_stage
    self.fit_loop.run()
  File "/home/andreyfort/semicat/.venv/lib64/python3.9/site-packages/lightning/pytorch/loops/fit_loop.py", line 217, in run
    self.advance()
  File "/home/andreyfort/semicat/.venv/lib64/python3.9/site-packages/lightning/pytorch/loops/fit_loop.py", line 465, in advance
    self.epoch_loop.run(self._data_fetcher)
  File "/home/andreyfort/semicat/.venv/lib64/python3.9/site-packages/lightning/pytorch/loops/training_epoch_loop.py", line 153, in run
    self.advance(data_fetcher)
  File "/home/andreyfort/semicat/.venv/lib64/python3.9/site-packages/lightning/pytorch/loops/training_epoch_loop.py", line 311, in advance
    batch, _, __ = next(data_fetcher)
  File "/home/andreyfort/semicat/.venv/lib64/python3.9/site-packages/lightning/pytorch/loops/fetchers.py", line 134, in __next__
    batch = super().__next__()
  File "/home/andreyfort/semicat/.venv/lib64/python3.9/site-packages/lightning/pytorch/loops/fetchers.py", line 61, in __next__
    batch = next(self.iterator)
  File "/home/andreyfort/semicat/.venv/lib64/python3.9/site-packages/lightning/pytorch/utilities/combined_loader.py", line 341, in __next__
    out = next(self._iterator)
  File "/home/andreyfort/semicat/.venv/lib64/python3.9/site-packages/lightning/pytorch/utilities/combined_loader.py", line 78, in __next__
    out[i] = next(self.iterators[i])
  File "/home/andreyfort/semicat/.venv/lib64/python3.9/site-packages/torch/utils/data/dataloader.py", line 733, in __next__
    data = self._next_data()
  File "/home/andreyfort/semicat/.venv/lib64/python3.9/site-packages/torch/utils/data/dataloader.py", line 1515, in _next_data
    return self._process_data(data, worker_id)
  File "/home/andreyfort/semicat/.venv/lib64/python3.9/site-packages/torch/utils/data/dataloader.py", line 1550, in _process_data
    data.reraise()
  File "/home/andreyfort/semicat/.venv/lib64/python3.9/site-packages/torch/_utils.py", line 750, in reraise
    raise exception
ValueError: Caught ValueError in DataLoader worker process 0.
Original Traceback (most recent call last):
  File "/home/andreyfort/semicat/.venv/lib64/python3.9/site-packages/torch/utils/data/_utils/worker.py", line 349, in _worker_loop
    data = fetcher.fetch(index)  # type: ignore[possibly-undefined]
  File "/home/andreyfort/semicat/.venv/lib64/python3.9/site-packages/torch/utils/data/_utils/fetch.py", line 50, in fetch
    data = self.dataset.__getitems__(possibly_batched_index)
  File "/home/andreyfort/semicat/.venv/lib64/python3.9/site-packages/datasets/arrow_dataset.py", line 2865, in __getitems__
    batch = self.__getitem__(keys)
  File "/home/andreyfort/semicat/.venv/lib64/python3.9/site-packages/datasets/arrow_dataset.py", line 2861, in __getitem__
    return self._getitem(key)
  File "/home/andreyfort/semicat/.venv/lib64/python3.9/site-packages/datasets/arrow_dataset.py", line 2846, in _getitem
    formatted_output = format_table(
  File "/home/andreyfort/semicat/.venv/lib64/python3.9/site-packages/datasets/formatting/formatting.py", line 633, in format_table
    return formatter(pa_table, query_type=query_type)
  File "/home/andreyfort/semicat/.venv/lib64/python3.9/site-packages/datasets/formatting/formatting.py", line 401, in __call__
    return self.format_batch(pa_table)
  File "/home/andreyfort/semicat/.venv/lib64/python3.9/site-packages/datasets/formatting/torch_formatter.py", line 110, in format_batch
    batch = self.numpy_arrow_extractor().extract_batch(pa_table)
  File "/home/andreyfort/semicat/.venv/lib64/python3.9/site-packages/datasets/formatting/formatting.py", line 165, in extract_batch
    return {col: self._arrow_array_to_numpy(pa_table[col]) for col in pa_table.column_names}
  File "/home/andreyfort/semicat/.venv/lib64/python3.9/site-packages/datasets/formatting/formatting.py", line 165, in <dictcomp>
    return {col: self._arrow_array_to_numpy(pa_table[col]) for col in pa_table.column_names}
  File "/home/andreyfort/semicat/.venv/lib64/python3.9/site-packages/datasets/formatting/formatting.py", line 197, in _arrow_array_to_numpy
    return np.array(array, copy=False)
ValueError: Unable to avoid copy while creating an array as requested.
If using `np.array(obj, copy=False)` replace it with `np.asarray(obj)` to allow a copy when needed (no behavior change in NumPy 1.x).
For more details, see https://numpy.org/devdocs/numpy_2_0_migration_guide.html#adapting-to-changes-in-the-copy-keyword.

[2026-07-18 11:36:24,882][semicat.utils.utils][INFO] - [rank: 0] Output dir: /home/andreyfort/semicat/logs/tinystories/tinystories_a100
[2026-07-18 11:42:17,629][semicat.utils.utils][INFO] - [rank: 0] Enforcing tags! <cfg.extras.enforce_tags=True>
[2026-07-18 11:42:17,635][semicat.utils.utils][INFO] - [rank: 0] Printing config tree with Rich! <cfg.extras.print_config=True>
[2026-07-18 11:42:17,636][semicat.utils.rich_utils][WARNING] - [rank: 0] Field 'logger' not found in config. Skipping 'logger' config printing...
[2026-07-18 11:42:17,692][__main__][INFO] - [rank: 0] Instantiating datamodule <semicat.data.tinystories.TinyStoriesDataModule>
[2026-07-18 11:42:17,916][datasets][INFO] - PyTorch version 2.7.1 available.
[2026-07-18 11:42:18,177][__main__][INFO] - [rank: 0] Instantiating model <semicat.models.textsemicat.TextSemicatModule>
[2026-07-18 11:42:18,591][__main__][INFO] - [rank: 0] Instantiating callbacks...
[2026-07-18 11:42:18,591][semicat.utils.instantiators][INFO] - [rank: 0] Instantiating callback <lightning.pytorch.callbacks.ModelCheckpoint>
[2026-07-18 11:42:18,594][semicat.utils.instantiators][INFO] - [rank: 0] Instantiating callback <lightning.pytorch.callbacks.RichModelSummary>
[2026-07-18 11:42:18,595][semicat.utils.instantiators][INFO] - [rank: 0] Instantiating callback <lightning.pytorch.callbacks.RichProgressBar>
[2026-07-18 11:42:18,595][__main__][INFO] - [rank: 0] Instantiating loggers...
[2026-07-18 11:42:18,595][semicat.utils.instantiators][WARNING] - [rank: 0] No logger configs found! Skipping...
[2026-07-18 11:42:18,595][__main__][INFO] - [rank: 0] Instantiating trainer <lightning.pytorch.trainer.Trainer>
[2026-07-18 11:42:18,630][__main__][INFO] - [rank: 0] Starting training!
[2026-07-18 11:48:54,303][semicat.utils.utils][INFO] - [rank: 0] Output dir: /home/andreyfort/semicat/logs/tinystories/tinystories_a100
[2026-07-18 11:56:32,926][semicat.utils.utils][INFO] - [rank: 0] Enforcing tags! <cfg.extras.enforce_tags=True>
[2026-07-18 11:56:32,932][semicat.utils.utils][INFO] - [rank: 0] Printing config tree with Rich! <cfg.extras.print_config=True>
[2026-07-18 11:56:32,933][semicat.utils.rich_utils][WARNING] - [rank: 0] Field 'logger' not found in config. Skipping 'logger' config printing...
[2026-07-18 11:56:32,983][__main__][INFO] - [rank: 0] Instantiating datamodule <semicat.data.tinystories.TinyStoriesDataModule>
[2026-07-18 11:56:33,206][datasets][INFO] - PyTorch version 2.7.1 available.
[2026-07-18 11:56:33,459][__main__][INFO] - [rank: 0] Instantiating model <semicat.models.textsemicat.TextSemicatModule>
[2026-07-18 11:56:33,890][__main__][INFO] - [rank: 0] Instantiating callbacks...
[2026-07-18 11:56:33,890][semicat.utils.instantiators][INFO] - [rank: 0] Instantiating callback <lightning.pytorch.callbacks.ModelCheckpoint>
[2026-07-18 11:56:33,893][semicat.utils.instantiators][INFO] - [rank: 0] Instantiating callback <lightning.pytorch.callbacks.RichModelSummary>
[2026-07-18 11:56:33,893][semicat.utils.instantiators][INFO] - [rank: 0] Instantiating callback <lightning.pytorch.callbacks.RichProgressBar>
[2026-07-18 11:56:33,894][__main__][INFO] - [rank: 0] Instantiating loggers...
[2026-07-18 11:56:33,894][semicat.utils.instantiators][WARNING] - [rank: 0] No logger configs found! Skipping...
[2026-07-18 11:56:33,894][__main__][INFO] - [rank: 0] Instantiating trainer <lightning.pytorch.trainer.Trainer>
[2026-07-18 11:56:33,929][__main__][INFO] - [rank: 0] Starting training!
[2026-07-18 12:00:08,212][semicat.utils.utils][INFO] - [rank: 0] Output dir: /home/andreyfort/semicat/logs/tinystories/tinystories_a100
[2026-07-18 12:05:21,012][semicat.utils.utils][INFO] - [rank: 0] Enforcing tags! <cfg.extras.enforce_tags=True>
[2026-07-18 12:05:21,019][semicat.utils.utils][INFO] - [rank: 0] Printing config tree with Rich! <cfg.extras.print_config=True>
[2026-07-18 12:05:21,075][__main__][INFO] - [rank: 0] Instantiating datamodule <semicat.data.tinystories.TinyStoriesDataModule>
[2026-07-18 12:05:21,299][datasets][INFO] - PyTorch version 2.7.1 available.
[2026-07-18 12:05:21,553][__main__][INFO] - [rank: 0] Instantiating model <semicat.models.textsemicat.TextSemicatModule>
[2026-07-18 12:05:21,994][__main__][INFO] - [rank: 0] Instantiating callbacks...
[2026-07-18 12:05:21,995][semicat.utils.instantiators][INFO] - [rank: 0] Instantiating callback <lightning.pytorch.callbacks.ModelCheckpoint>
[2026-07-18 12:05:21,998][semicat.utils.instantiators][INFO] - [rank: 0] Instantiating callback <lightning.pytorch.callbacks.RichModelSummary>
[2026-07-18 12:05:21,998][semicat.utils.instantiators][INFO] - [rank: 0] Instantiating callback <lightning.pytorch.callbacks.RichProgressBar>
[2026-07-18 12:05:21,999][semicat.utils.instantiators][INFO] - [rank: 0] Instantiating callback <lightning.pytorch.callbacks.LearningRateMonitor>
[2026-07-18 12:05:22,000][__main__][INFO] - [rank: 0] Instantiating loggers...
[2026-07-18 12:05:22,000][semicat.utils.instantiators][INFO] - [rank: 0] Instantiating logger <lightning.pytorch.loggers.tensorboard.TensorBoardLogger>
[2026-07-18 12:05:22,002][__main__][INFO] - [rank: 0] Instantiating trainer <lightning.pytorch.trainer.Trainer>
[2026-07-18 12:05:22,041][__main__][INFO] - [rank: 0] Logging hyperparameters!
[2026-07-18 12:05:22,043][__main__][INFO] - [rank: 0] Starting training!
[2026-07-19 20:15:28,522][semicat.utils.utils][INFO] - [rank: 0] Output dir: /home/andreyfort/semicat/logs/tinystories/tinystories_a100
[2026-07-19 20:15:28,523][semicat.utils.utils][INFO] - [rank: 0] Metric name is None! Skipping metric value retrieval...
