[config] {
  "experiment": "tinystories_quality_grid_batch1_latency",
  "device": "cuda",
  "gpu_name": "NVIDIA H100 NVL",
  "dtype": "float32",
  "seed": 0,
  "length": 256,
  "batch_size": 1,
  "warmup_runs": 5,
  "repeats": 30,
  "cache_mode": "none",
  "output_dir": "/home/coder/project/.CFM-DIFF-TEXT/cfm-text-distillation-smiles-2026/artifacts/tinystories_latency_quality_grid_20260806",
  "current_commit": "07ffd555dbbbd544b22933b5a23e9ab64d633dea",
  "upstream_commit": "2e21c57704ab94e131e3350ffd8286632f61a7b8",
  "upstream_timing_source": "/home/coder/project/.CFM-DIFF-TEXT/cfm-text-distillation-smiles-2026/artifacts/tinystories_latency_quality_grid_20260806/upstream_run_eval_2e21c57.py",
  "upstream_timing_source_sha256": "120e2e53826dc540d1c7372049c1582c8bd9af679c4412489021b0ebdd3bce71",
  "timing_functions": [
    "_sync",
    "_measure_sequence_latency_ms"
  ],
  "timing_code_execution": "AST nodes loaded directly from upstream source",
  "quality_sources": [
    "/home/coder/project/.CFM-DIFF-TEXT/cfm-text-distillation-smiles-2026/results/ts_M1_M2_M3_scores.json",
    "/home/coder/project/.CFM-DIFF-TEXT/cfm-text-distillation-smiles-2026/results/ts_M1_step200000_full_scores.json"
  ]
}
[stage=model_build] model=M1-100k-source (1/4) checkpoint=/home/coder/project/.CFM-DIFF-TEXT/cfm-text-distillation-smiles-2026/baseline/tinystories/NEW/tinystories_a100/checkpoints/best.ckpt step=68001 sampler=full_cfm block_size=None
[stage=model_ready] model=M1-100k-source dtype=torch.float32
[stage=latency] point=1/48 model=M1-100k-source mode=argmax nfe=1 warmup=5 repeats=30
[metric] model=M1-100k-source mode=argmax nfe=1 latency_median_ms=4.780 p10=4.694 p90=9.617 mauve=0.005825 gen_ppl=87.1415 elapsed=0.4s
[stage=latency] point=2/48 model=M1-100k-source mode=argmax nfe=2 warmup=5 repeats=30
[metric] model=M1-100k-source mode=argmax nfe=2 latency_median_ms=11.464 p10=8.804 p90=14.261 mauve=0.007103 gen_ppl=82.2271 elapsed=0.4s
[stage=latency] point=3/48 model=M1-100k-source mode=argmax nfe=4 warmup=5 repeats=30
[metric] model=M1-100k-source mode=argmax nfe=4 latency_median_ms=16.671 p10=16.520 p90=16.848 mauve=0.013817 gen_ppl=74.2980 elapsed=0.6s
[stage=latency] point=4/48 model=M1-100k-source mode=argmax nfe=8 warmup=5 repeats=30
[metric] model=M1-100k-source mode=argmax nfe=8 latency_median_ms=32.622 p10=32.370 p90=32.970 mauve=0.065434 gen_ppl=78.1281 elapsed=1.1s
[stage=latency] point=5/48 model=M1-100k-source mode=argmax nfe=16 warmup=5 repeats=30
[metric] model=M1-100k-source mode=argmax nfe=16 latency_median_ms=64.662 p10=64.272 p90=64.906 mauve=0.238124 gen_ppl=88.6729 elapsed=2.3s
[stage=latency] point=6/48 model=M1-100k-source mode=argmax nfe=32 warmup=5 repeats=30
[metric] model=M1-100k-source mode=argmax nfe=32 latency_median_ms=125.735 p10=125.381 p90=126.250 mauve=0.506681 gen_ppl=90.4143 elapsed=4.4s
[stage=latency] point=7/48 model=M1-100k-source mode=sample nfe=1 warmup=5 repeats=30
[metric] model=M1-100k-source mode=sample nfe=1 latency_median_ms=4.885 p10=4.813 p90=4.927 mauve=0.006219 gen_ppl=95.1964 elapsed=0.3s
[stage=latency] point=8/48 model=M1-100k-source mode=sample nfe=2 warmup=5 repeats=30
[metric] model=M1-100k-source mode=sample nfe=2 latency_median_ms=8.786 p10=8.726 p90=8.840 mauve=0.007311 gen_ppl=91.2963 elapsed=0.3s
[stage=latency] point=9/48 model=M1-100k-source mode=sample nfe=4 warmup=5 repeats=30
[metric] model=M1-100k-source mode=sample nfe=4 latency_median_ms=16.633 p10=16.540 p90=16.783 mauve=0.009980 gen_ppl=78.8170 elapsed=0.6s
[stage=latency] point=10/48 model=M1-100k-source mode=sample nfe=8 warmup=5 repeats=30
[metric] model=M1-100k-source mode=sample nfe=8 latency_median_ms=32.444 p10=32.305 p90=32.686 mauve=0.026553 gen_ppl=82.3226 elapsed=1.1s
[stage=latency] point=11/48 model=M1-100k-source mode=sample nfe=16 warmup=5 repeats=30
[metric] model=M1-100k-source mode=sample nfe=16 latency_median_ms=63.982 p10=63.553 p90=64.355 mauve=0.185210 gen_ppl=99.4855 elapsed=2.2s
[stage=latency] point=12/48 model=M1-100k-source mode=sample nfe=32 warmup=5 repeats=30
[metric] model=M1-100k-source mode=sample nfe=32 latency_median_ms=126.642 p10=126.051 p90=127.211 mauve=0.408883 gen_ppl=98.3135 elapsed=4.4s
[stage=model_build] model=M2-source-blockcausal (2/4) checkpoint=/home/coder/project/.CFM-DIFF-TEXT/cfm-text-distillation-smiles-2026/baseline/tinystories/NEW/tinystories_a100/checkpoints/best.ckpt step=68001 sampler=block_causal block_size=16
[stage=model_ready] model=M2-source-blockcausal dtype=torch.float32
[stage=latency] point=13/48 model=M2-source-blockcausal mode=argmax nfe=1 warmup=5 repeats=30
[metric] model=M2-source-blockcausal mode=argmax nfe=1 latency_median_ms=112.758 p10=110.784 p90=117.603 mauve=0.004861 gen_ppl=51.6585 elapsed=9.0s
[stage=latency] point=14/48 model=M2-source-blockcausal mode=argmax nfe=2 warmup=5 repeats=30
[metric] model=M2-source-blockcausal mode=argmax nfe=2 latency_median_ms=222.505 p10=220.668 p90=226.082 mauve=0.005313 gen_ppl=60.5386 elapsed=7.8s
[stage=latency] point=15/48 model=M2-source-blockcausal mode=argmax nfe=4 warmup=5 repeats=30
[metric] model=M2-source-blockcausal mode=argmax nfe=4 latency_median_ms=440.654 p10=438.870 p90=447.171 mauve=0.005805 gen_ppl=150.6351 elapsed=15.5s
[stage=latency] point=16/48 model=M2-source-blockcausal mode=argmax nfe=8 warmup=5 repeats=30
[metric] model=M2-source-blockcausal mode=argmax nfe=8 latency_median_ms=882.778 p10=873.788 p90=908.976 mauve=0.005777 gen_ppl=255.5573 elapsed=31.3s
[stage=latency] point=17/48 model=M2-source-blockcausal mode=argmax nfe=16 warmup=5 repeats=30
[metric] model=M2-source-blockcausal mode=argmax nfe=16 latency_median_ms=1793.504 p10=1763.904 p90=1928.017 mauve=0.014571 gen_ppl=256.1328 elapsed=63.6s
[stage=latency] point=18/48 model=M2-source-blockcausal mode=argmax nfe=32 warmup=5 repeats=30
[metric] model=M2-source-blockcausal mode=argmax nfe=32 latency_median_ms=3538.574 p10=3524.529 p90=3811.367 mauve=0.026192 gen_ppl=224.5885 elapsed=125.9s
[stage=latency] point=19/48 model=M2-source-blockcausal mode=sample nfe=1 warmup=5 repeats=30
[metric] model=M2-source-blockcausal mode=sample nfe=1 latency_median_ms=117.033 p10=115.551 p90=120.572 mauve=0.004600 gen_ppl=78.5622 elapsed=4.1s
[stage=latency] point=20/48 model=M2-source-blockcausal mode=sample nfe=2 warmup=5 repeats=30
[metric] model=M2-source-blockcausal mode=sample nfe=2 latency_median_ms=227.144 p10=223.728 p90=234.543 mauve=0.004991 gen_ppl=99.8932 elapsed=8.0s
[stage=latency] point=21/48 model=M2-source-blockcausal mode=sample nfe=4 warmup=5 repeats=30
[metric] model=M2-source-blockcausal mode=sample nfe=4 latency_median_ms=462.721 p10=451.154 p90=485.300 mauve=0.006358 gen_ppl=198.9781 elapsed=16.3s
[stage=latency] point=22/48 model=M2-source-blockcausal mode=sample nfe=8 warmup=5 repeats=30
[metric] model=M2-source-blockcausal mode=sample nfe=8 latency_median_ms=908.195 p10=890.911 p90=941.737 mauve=0.007463 gen_ppl=345.7417 elapsed=32.0s
[stage=latency] point=23/48 model=M2-source-blockcausal mode=sample nfe=16 warmup=5 repeats=30
[metric] model=M2-source-blockcausal mode=sample nfe=16 latency_median_ms=1776.135 p10=1752.811 p90=1842.445 mauve=0.014081 gen_ppl=311.8486 elapsed=63.1s
[stage=latency] point=24/48 model=M2-source-blockcausal mode=sample nfe=32 warmup=5 repeats=30
[metric] model=M2-source-blockcausal mode=sample nfe=32 latency_median_ms=3552.119 p10=3510.926 p90=3699.669 mauve=0.016710 gen_ppl=252.7845 elapsed=125.2s
[stage=model_build] model=M3-step100000 (3/4) checkpoint=/home/coder/project/.CFM-DIFF-TEXT/cfm-text-distillation-smiles-2026/logs/train/2026-07-28_12-43-24_12345_local/checkpoints/step_0100000.ckpt step=100000 sampler=block_causal block_size=16
[stage=model_ready] model=M3-step100000 dtype=torch.float32
[stage=latency] point=25/48 model=M3-step100000 mode=argmax nfe=1 warmup=5 repeats=30
[metric] model=M3-step100000 mode=argmax nfe=1 latency_median_ms=112.548 p10=112.199 p90=119.166 mauve=0.008048 gen_ppl=49.7280 elapsed=4.0s
[stage=latency] point=26/48 model=M3-step100000 mode=argmax nfe=2 warmup=5 repeats=30
[metric] model=M3-step100000 mode=argmax nfe=2 latency_median_ms=242.929 p10=227.342 p90=252.529 mauve=0.009456 gen_ppl=50.2689 elapsed=8.4s
[stage=latency] point=27/48 model=M3-step100000 mode=argmax nfe=4 warmup=5 repeats=30
[metric] model=M3-step100000 mode=argmax nfe=4 latency_median_ms=451.758 p10=448.946 p90=462.059 mauve=0.039123 gen_ppl=46.1412 elapsed=15.9s
[stage=latency] point=28/48 model=M3-step100000 mode=argmax nfe=8 warmup=5 repeats=30
[metric] model=M3-step100000 mode=argmax nfe=8 latency_median_ms=911.942 p10=903.635 p90=941.363 mauve=0.157020 gen_ppl=50.7752 elapsed=32.3s
[stage=latency] point=29/48 model=M3-step100000 mode=argmax nfe=16 warmup=5 repeats=30
[metric] model=M3-step100000 mode=argmax nfe=16 latency_median_ms=1830.439 p10=1796.696 p90=1881.601 mauve=0.797925 gen_ppl=59.0856 elapsed=64.3s
[stage=latency] point=30/48 model=M3-step100000 mode=argmax nfe=32 warmup=5 repeats=30
[metric] model=M3-step100000 mode=argmax nfe=32 latency_median_ms=3673.105 p10=3615.688 p90=3906.724 mauve=0.627053 gen_ppl=61.8869 elapsed=129.6s
[stage=latency] point=31/48 model=M3-step100000 mode=sample nfe=1 warmup=5 repeats=30
[metric] model=M3-step100000 mode=sample nfe=1 latency_median_ms=132.985 p10=132.354 p90=133.856 mauve=0.007202 gen_ppl=55.0655 elapsed=4.7s
[stage=latency] point=32/48 model=M3-step100000 mode=sample nfe=2 warmup=5 repeats=30
[metric] model=M3-step100000 mode=sample nfe=2 latency_median_ms=261.398 p10=260.068 p90=262.398 mauve=0.011075 gen_ppl=56.3869 elapsed=9.1s
[stage=latency] point=33/48 model=M3-step100000 mode=sample nfe=4 warmup=5 repeats=30
[metric] model=M3-step100000 mode=sample nfe=4 latency_median_ms=517.837 p10=515.134 p90=519.927 mauve=0.030763 gen_ppl=52.2864 elapsed=18.1s
[stage=latency] point=34/48 model=M3-step100000 mode=sample nfe=8 warmup=5 repeats=30
[metric] model=M3-step100000 mode=sample nfe=8 latency_median_ms=1031.344 p10=955.618 p90=1044.377 mauve=0.288192 gen_ppl=61.2108 elapsed=35.8s
[stage=latency] point=35/48 model=M3-step100000 mode=sample nfe=16 warmup=5 repeats=30
[metric] model=M3-step100000 mode=sample nfe=16 latency_median_ms=1849.754 p10=1777.668 p90=1954.524 mauve=0.597770 gen_ppl=70.7287 elapsed=65.2s
[stage=latency] point=36/48 model=M3-step100000 mode=sample nfe=32 warmup=5 repeats=30
[metric] model=M3-step100000 mode=sample nfe=32 latency_median_ms=3594.005 p10=3539.301 p90=3758.890 mauve=0.577700 gen_ppl=76.1777 elapsed=127.0s
[stage=model_build] model=M1-step200000 (4/4) checkpoint=/home/coder/project/.CFM-DIFF-TEXT/cfm-text-distillation-smiles-2026/logs/train/tinystories_cfm_resume144001_to200000_nfe32_20260806/checkpoints/final/step_00200000_full_state.ckpt step=200000 sampler=full_cfm block_size=None
[stage=model_ready] model=M1-step200000 dtype=torch.float32
[stage=latency] point=37/48 model=M1-step200000 mode=argmax nfe=1 warmup=5 repeats=30
[metric] model=M1-step200000 mode=argmax nfe=1 latency_median_ms=4.875 p10=4.757 p90=5.034 mauve=0.006608 gen_ppl=96.7674 elapsed=0.2s
[stage=latency] point=38/48 model=M1-step200000 mode=argmax nfe=2 warmup=5 repeats=30
[metric] model=M1-step200000 mode=argmax nfe=2 latency_median_ms=9.021 p10=8.918 p90=9.286 mauve=0.008097 gen_ppl=83.5908 elapsed=0.3s
[stage=latency] point=39/48 model=M1-step200000 mode=argmax nfe=4 warmup=5 repeats=30
[metric] model=M1-step200000 mode=argmax nfe=4 latency_median_ms=17.278 p10=16.954 p90=17.870 mauve=0.019570 gen_ppl=70.4227 elapsed=0.6s
[stage=latency] point=40/48 model=M1-step200000 mode=argmax nfe=8 warmup=5 repeats=30
[metric] model=M1-step200000 mode=argmax nfe=8 latency_median_ms=34.279 p10=33.577 p90=40.045 mauve=0.159115 gen_ppl=68.8817 elapsed=1.2s
[stage=latency] point=41/48 model=M1-step200000 mode=argmax nfe=16 warmup=5 repeats=30
[metric] model=M1-step200000 mode=argmax nfe=16 latency_median_ms=67.990 p10=66.822 p90=70.225 mauve=0.522937 gen_ppl=66.4825 elapsed=2.4s
[stage=latency] point=42/48 model=M1-step200000 mode=argmax nfe=32 warmup=5 repeats=30
[metric] model=M1-step200000 mode=argmax nfe=32 latency_median_ms=133.788 p10=132.069 p90=135.566 mauve=0.657744 gen_ppl=67.4910 elapsed=4.7s
[stage=latency] point=43/48 model=M1-step200000 mode=sample nfe=1 warmup=5 repeats=30
[metric] model=M1-step200000 mode=sample nfe=1 latency_median_ms=5.105 p10=4.987 p90=5.211 mauve=0.007769 gen_ppl=128.3761 elapsed=0.2s
[stage=latency] point=44/48 model=M1-step200000 mode=sample nfe=2 warmup=5 repeats=30
[metric] model=M1-step200000 mode=sample nfe=2 latency_median_ms=9.277 p10=9.142 p90=9.540 mauve=0.008043 gen_ppl=101.2882 elapsed=0.3s
[stage=latency] point=45/48 model=M1-step200000 mode=sample nfe=4 warmup=5 repeats=30
[metric] model=M1-step200000 mode=sample nfe=4 latency_median_ms=17.945 p10=17.519 p90=20.164 mauve=0.021878 gen_ppl=78.0232 elapsed=0.7s
[stage=latency] point=46/48 model=M1-step200000 mode=sample nfe=8 warmup=5 repeats=30
[metric] model=M1-step200000 mode=sample nfe=8 latency_median_ms=34.426 p10=33.852 p90=36.132 mauve=0.295097 gen_ppl=78.3405 elapsed=1.2s
[stage=latency] point=47/48 model=M1-step200000 mode=sample nfe=16 warmup=5 repeats=30
[metric] model=M1-step200000 mode=sample nfe=16 latency_median_ms=66.999 p10=65.959 p90=68.789 mauve=0.458770 gen_ppl=74.0523 elapsed=2.4s
[stage=latency] point=48/48 model=M1-step200000 mode=sample nfe=32 warmup=5 repeats=30
[metric] model=M1-step200000 mode=sample nfe=32 latency_median_ms=130.488 p10=128.343 p90=134.522 mauve=0.650006 gen_ppl=72.9238 elapsed=4.6s
[done] rows=48 elapsed=1060.2s json=/home/coder/project/.CFM-DIFF-TEXT/cfm-text-distillation-smiles-2026/artifacts/tinystories_latency_quality_grid_20260806/latency_quality_grid.json csv=/home/coder/project/.CFM-DIFF-TEXT/cfm-text-distillation-smiles-2026/artifacts/tinystories_latency_quality_grid_20260806/latency_quality_grid.csv plots=/home/coder/project/.CFM-DIFF-TEXT/cfm-text-distillation-smiles-2026/artifacts/tinystories_latency_quality_grid_20260806/mauve_vs_latency.png,/home/coder/project/.CFM-DIFF-TEXT/cfm-text-distillation-smiles-2026/artifacts/tinystories_latency_quality_grid_20260806/genppl_vs_latency.png
